Microchip MPLAB XC8 Compiler V2.36

Linker command line:

-W-3 --edf=C:\Program Files\Microchip\xc8\v2.36\pic\dat\en_msgs.txt -cn \
  -h+dist/default/production\DS1307.X.production.sym \
  --cmf=dist/default/production\DS1307.X.production.cmf -z -Q16F877A \
  -oC:\Users\SHREES~1\AppData\Local\Temp\xcAs80o.4 --defsym=__MPLAB_BUILD=1 \
  -Mdist/default/production/DS1307.X.production.map \
  --md=C:\Users\SHREES~1\AppData\Local\Temp\xcAs80o.dat -E1 \
  -ver=XC8 Compiler --acfsm=1493 -ACODE=00h-07FFhx4 -ASTRCODE=00h-01FFFh \
  -ASTRING=00h-0FFhx32 -ACONST=00h-0FFhx32 -AENTRY=00h-0FFhx32 \
  -ACOMMON=070h-07Fh -ABANK0=020h-06Fh -ABANK1=0A0h-0EFh \
  -ABANK2=0110h-016Fh -ABANK3=0190h-01EFh \
  -ARAM=020h-06Fh,0A0h-0EFh,0110h-016Fh,0190h-01EFh \
  -AABS1=020h-07Fh,0A0h-0EFh,0110h-016Fh,0190h-01EFh -ASFR0=00h-01Fh \
  -ASFR1=080h-09Fh -ASFR2=0100h-010Fh -ASFR3=0180h-018Fh \
  -ACONFIG=02007h-02007h -DCONFIG=2 -AIDLOC=02000h-02003h -DIDLOC=2 \
  -AEEDATA=00h-0FFh/02100h -peeprom_data=EEDATA -DEEDATA=2 -DCODE=2 \
  -DSTRCODE=2 -DSTRING=2 -DCONST=2 -DENTRY=2 \
  -preset_vec=00h,intentry,init,end_init -ppowerup=CODE -pcinit=CODE \
  -pfunctab=ENTRY -k C:\Users\SHREES~1\AppData\Local\Temp\xcAs80o.o \
  dist/default/production\DS1307.X.production.o 

Object code version is 3.11

Machine type is 16F877A



                Name                               Link     Load   Length Selector   Space Scale
C:\Users\SHREES~1\AppData\Local\Temp\xcAs80o.o
                end_init                              0        0        3        0       0
                config                             2007     2007        1        0       4
                idloc                              2000     2000        4        0       5
dist/default/production\DS1307.X.production.o
                cinit                               7FC      7FC        4      FF8       0
                config                             2007     2007        1        0       4
                idloc                              2000     2000        4        0       5
                text18                              5BD      5BD       20      B7A       0
                text17                              67D      67D       2F      CFA       0
                text16                              731      731       65      E62       0
                text15                              564      564        D      AC8       0
                text14                              5DD      5DD       23      BBA       0
                text13                              531      531        9      A62       0
                text12                              53A      53A        9      A74       0
                text11                              543      543        B      A86       0
                text10                              54E      54E        B      A9C       0
                text9                               650      650       2D      CA0       0
                text8                               600      600       27      C00       0
                text7                               6DE      6DE       53      DBC       0
                text6                               559      559        B      AB2       0
                text5                               59F      59F       1E      B3E       0
                text4                               586      586       19      B0C       0
                text3                               796      796       66      F2C       0
                text2                               6AC      6AC       32      D58       0
                text1                               627      627       29      C4E       0
                maintext                            571      571       15      AE2       0
                cstackBANK0                          20       20        D       20       1
                cstackCOMMON                         70       70        E       70       1
                strings                               3        3       21        6       0

TOTAL           Name                               Link     Load   Length     Space
        CLASS   CODE           
                end_init                              0        0        3         0
                cinit                               7FC      7FC        4         0
                text18                              5BD      5BD       20         0
                text17                              67D      67D       2F         0
                text16                              731      731       65         0
                text15                              564      564        D         0
                text14                              5DD      5DD       23         0
                text13                              531      531        9         0
                text12                              53A      53A        9         0
                text11                              543      543        B         0
                text10                              54E      54E        B         0
                text9                               650      650       2D         0
                text8                               600      600       27         0
                text7                               6DE      6DE       53         0
                text6                               559      559        B         0
                text5                               59F      59F       1E         0
                text4                               586      586       19         0
                text3                               796      796       66         0
                text2                               6AC      6AC       32         0
                text1                               627      627       29         0
                maintext                            571      571       15         0

        CLASS   STRCODE        

        CLASS   STRING         
                strings                               3        3       21         0

        CLASS   CONST          

        CLASS   ENTRY          

        CLASS   COMMON         
                cstackCOMMON                         70       70        E         1

        CLASS   BANK0          
                cstackBANK0                          20       20        D         1

        CLASS   BANK1          

        CLASS   BANK2          

        CLASS   BANK3          

        CLASS   RAM            

        CLASS   ABS1           
                abs_s1                               7E       7E        2         1

        CLASS   SFR0           

        CLASS   SFR1           

        CLASS   SFR2           

        CLASS   SFR3           

        CLASS   CONFIG         
                config                             2007     2007        1         4

        CLASS   IDLOC          
                idloc                              2000     2000        4         5

        CLASS   EEDATA         

        CLASS   STACK          



SEGMENTS        Name                           Load    Length   Top    Selector   Space  Class     Delta

                reset_vec                      000000  000003  000003         0       0  CODE        2
                strings                        000003  000021  000024         6       0  STRING      2
                cstackBANK0                    000020  00000D  00002D        20       1  BANK0       1
                cstackCOMMON                   000070  00000E  00007E        70       1  COMMON      1
                text13                         000531  000009  00053A       A62       0  CODE        2
                text12                         00053A  000009  000543       A74       0  CODE        2
                text11                         000543  00000B  00054E       A86       0  CODE        2
                text10                         00054E  00000B  000559       A9C       0  CODE        2
                text6                          000559  00000B  000564       AB2       0  CODE        2
                text15                         000564  00000D  000571       AC8       0  CODE        2
                maintext                       000571  000015  000586       AE2       0  CODE        2
                text4                          000586  000019  00059F       B0C       0  CODE        2
                text5                          00059F  00001E  0005BD       B3E       0  CODE        2
                text18                         0005BD  000020  0005DD       B7A       0  CODE        2
                text14                         0005DD  000023  000600       BBA       0  CODE        2
                text8                          000600  000027  000627       C00       0  CODE        2
                text1                          000627  000029  000650       C4E       0  CODE        2
                text9                          000650  00002D  00067D       CA0       0  CODE        2
                text17                         00067D  00002F  0006AC       CFA       0  CODE        2
                text2                          0006AC  000032  0006DE       D58       0  CODE        2
                text7                          0006DE  000053  000731       DBC       0  CODE        2
                text16                         000731  000065  000796       E62       0  CODE        2
                text3                          000796  000066  0007FC       F2C       0  CODE        2
                cinit                          0007FC  000004  000800       FF8       0  CODE        2


UNUSED ADDRESS RANGES

        Name                Unused          Largest block    Delta
        BANK0            002D-006F             43           1
        BANK1            00A0-00EF             50           1
        BANK2            0110-016F             60           1
        BANK3            0190-01EF             60           1
        CODE             0024-0530            50D           2
                         0800-1FFF            800
        CONST            0024-0530            100           2
                         0800-1FFF            100
        EEDATA           2100-21FF            100           2
        ENTRY            0024-0530            100           2
                         0800-1FFF            100
        RAM              002D-006F             43           1
                         00A0-00EF             50
                         0110-016F             60
                         0190-01EF             60
        SFR0             0000-001F             20           1
        SFR1             0080-009F             20           1
        SFR2             0100-010F             10           1
        SFR3             0180-018F             10           1
        STRCODE          0024-0530            50D           2
                         0800-1FFF           1800
        STRING           0024-0530            100           2
                         0800-1FFF            100

                                  Symbol Table

?___lldiv                        cstackCOMMON 0070
_ACKDT                           (abs)        048D
_ACKEN                           (abs)        048C
_ACKSTAT                         (abs)        048E
_PEN                             (abs)        048A
_PORTD                           (abs)        0008
_RCEN                            (abs)        048B
_RE1                             (abs)        0049
_RE2                             (abs)        004A
_R_nW                            (abs)        04A2
_SEN                             (abs)        0488
_SSPADD                          (abs)        0093
_SSPBUF                          (abs)        0013
_SSPCON2                         (abs)        0091
_SSPEN                           (abs)        00A5
_SSPM3                           (abs)        00A3
_TRISD                           (abs)        0088
_TRISE1                          (abs)        0449
_TRISE2                          (abs)        044A
__Habs1                          abs1         0000
__Hbank0                         bank0        0000
__Hbank1                         bank1        0000
__Hbank2                         bank2        0000
__Hbank3                         bank3        0000
__Hcinit                         cinit        0800
__Hclrtext                       clrtext      0000
__Hcode                          code         0000
__Hcommon                        common       0000
__Hconfig                        config       2008
__HcstackBANK0                   cstackBANK0  0000
__HcstackCOMMON                  cstackCOMMON 0000
__Heeprom_data                   eeprom_data  0000
__Hend_init                      end_init     0003
__Hfunctab                       functab      0000
__Hidloc                         idloc        2004
__Hinit                          init         0000
__Hintentry                      intentry     0000
__Hmaintext                      maintext     0000
__Hpowerup                       powerup      0000
__Hram                           ram          0000
__Hreset_vec                     reset_vec    0000
__Hsfr0                          sfr0         0000
__Hsfr1                          sfr1         0000
__Hsfr2                          sfr2         0000
__Hsfr3                          sfr3         0000
__Hspace_0                       (abs)        0800
__Hspace_1                       (abs)        007E
__Hspace_2                       (abs)        0000
__Hspace_3                       (abs)        0000
__Hspace_4                       (abs)        400F
__Hstack                         stack        0000
__Hstrings                       strings      0000
__Htext                          text         0000
__Labs1                          abs1         0000
__Lbank0                         bank0        0000
__Lbank1                         bank1        0000
__Lbank2                         bank2        0000
__Lbank3                         bank3        0000
__Lcinit                         cinit        07FC
__Lclrtext                       clrtext      0000
__Lcode                          code         0000
__Lcommon                        common       0000
__Lconfig                        config       0000
__LcstackBANK0                   cstackBANK0  0000
__LcstackCOMMON                  cstackCOMMON 0000
__Leeprom_data                   eeprom_data  0000
__Lend_init                      end_init     0000
__Lfunctab                       functab      0000
__Lidloc                         idloc        0000
__Linit                          init         0000
__Lintentry                      intentry     0000
__Lmaintext                      maintext     0000
__Lpowerup                       powerup      0000
__Lram                           ram          0000
__Lreset_vec                     reset_vec    0000
__Lsfr0                          sfr0         0000
__Lsfr1                          sfr1         0000
__Lsfr2                          sfr2         0000
__Lsfr3                          sfr3         0000
__Lspace_0                       (abs)        0000
__Lspace_1                       (abs)        0000
__Lspace_2                       (abs)        0000
__Lspace_3                       (abs)        0000
__Lspace_4                       (abs)        0000
__Lstack                         stack        0000
__Lstrings                       strings      0000
__Ltext                          text         0000
__S0                             (abs)        0800
__S1                             (abs)        007E
__S3                             (abs)        0000
___int_sp                        stack        0000
___latbits                       (abs)        0002
___lldiv                         text3        0796
___lldiv@counter                 cstackCOMMON 007D
___lldiv@dividend                cstackCOMMON 0074
___lldiv@divisor                 cstackCOMMON 0070
___lldiv@quotient                cstackCOMMON 0079
___sp                            stack        0000
___stackhi                       (abs)        0000
___stacklo                       (abs)        0000
__end_of___lldiv                 text3        07FC
__end_of__initialization         cinit        07FC
__end_of__stringtab              strings      0013
__end_of_clcd_print              text17       06AC
__end_of_clcd_write              text18       05DD
__end_of_display_time            text16       0796
__end_of_get_time                text8        0627
__end_of_i2c_read                text14       0600
__end_of_i2c_rep_start           text11       054E
__end_of_i2c_start               text13       053A
__end_of_i2c_stop                text12       0543
__end_of_i2c_wait_for_idle       text15       0571
__end_of_i2c_write               text10       0559
__end_of_init_clcd               text6        0564
__end_of_init_config             text1        0650
__end_of_init_display_controller text7        0731
__end_of_init_ds1307             text4        059F
__end_of_init_i2c                text2        06DE
__end_of_main                    maintext     0586
__end_of_read_ds1307             text9        067D
__end_of_write_ds1307            text5        05BD
__initialization                 cinit        07FC
__pcstackBANK0                   cstackBANK0  0020
__pcstackCOMMON                  cstackCOMMON 0070
__pmaintext                      maintext     0571
__pstrings                       strings      0003
__ptext1                         text1        0627
__ptext10                        text10       054E
__ptext11                        text11       0543
__ptext12                        text12       053A
__ptext13                        text13       0531
__ptext14                        text14       05DD
__ptext15                        text15       0564
__ptext16                        text16       0731
__ptext17                        text17       067D
__ptext18                        text18       05BD
__ptext2                         text2        06AC
__ptext3                         text3        0796
__ptext4                         text4        0586
__ptext5                         text5        059F
__ptext6                         text6        0559
__ptext7                         text7        06DE
__ptext8                         text8        0600
__ptext9                         text9        0650
__stringbase                     strings      0012
__stringtab                      strings      0003
_clcd_print                      text17       067D
_clcd_write                      text18       05BD
_display_time                    text16       0731
_get_time                        text8        0600
_i2c_read                        text14       05DD
_i2c_rep_start                   text11       0543
_i2c_start                       text13       0531
_i2c_stop                        text12       053A
_i2c_wait_for_idle               text15       0564
_i2c_write                       text10       054E
_init_clcd                       text6        0559
_init_config                     text1        0627
_init_display_controller         text7        06DE
_init_ds1307                     text4        0586
_init_i2c                        text2        06AC
_main                            maintext     0571
_read_ds1307                     text9        0650
_write_ds1307                    text5        059F
btemp                            (abs)        007E
clcd_print@addr                  cstackCOMMON 0076
clcd_print@str                   cstackCOMMON 0074
clcd_write@byte                  cstackCOMMON 0073
clcd_write@mode                  cstackCOMMON 0070
display_time@clock_reg           cstackBANK0  0029
display_time@time                cstackBANK0  0020
end_of_initialization            cinit        07FC
get_time@clock_reg               cstackCOMMON 0077
i2c_read@ack                     cstackCOMMON 0071
i2c_read@data                    cstackCOMMON 0072
i2c_write@data                   cstackCOMMON 0070
init_ds1307@dummy                cstackCOMMON 0077
init_i2c@baud                    cstackBANK0  0020
intlevel0                        functab      0000
intlevel1                        functab      0000
intlevel2                        functab      0000
intlevel3                        functab      0000
intlevel4                        functab      0000
intlevel5                        functab      0000
main@clock_reg                   cstackBANK0  002A
read_ds1307@addr                 cstackCOMMON 0074
read_ds1307@data                 cstackCOMMON 0075
reset_vec                        reset_vec    0000
start                            init         0000
start_initialization             cinit        07FC
write_ds1307@addr                cstackCOMMON 0072
write_ds1307@data                cstackCOMMON 0071
wtemp0                           (abs)        007E


MODULE INFORMATION

Module		Function		Class		Link	Load	Size
C:/Users/Shreesh Kulkarni/OneDrive/Desktop/Shreesh/ES Internship/I2C_Sources/DS1307.X/i2c.c
		_i2c_start     		CODE           	0531	0000	9
		_i2c_rep_start 		CODE           	0543	0000	11
		_i2c_write     		CODE           	054E	0000	11
		_i2c_stop      		CODE           	053A	0000	9
		_i2c_read      		CODE           	05DD	0000	35
		_init_i2c      		CODE           	06AC	0000	50
		_i2c_wait_for_idle		CODE           	0564	0000	13

C:/Users/Shreesh Kulkarni/OneDrive/Desktop/Shreesh/ES Internship/I2C_Sources/DS1307.X/i2c.c estimated size: 138

C:/Users/Shreesh Kulkarni/OneDrive/Desktop/Shreesh/ES Internship/I2C_Sources/DS1307.X/clcd.c
		_clcd_write    		CODE           	05BD	0000	32
		_clcd_print    		CODE           	067D	0000	47
		_init_display_controller		CODE           	06DE	0000	83
		_init_clcd     		CODE           	0559	0000	11

C:/Users/Shreesh Kulkarni/OneDrive/Desktop/Shreesh/ES Internship/I2C_Sources/DS1307.X/clcd.c estimated size: 173

C:/Users/Shreesh Kulkarni/OneDrive/Desktop/Shreesh/ES Internship/I2C_Sources/DS1307.X/ds1307.c
		_read_ds1307   		CODE           	0650	0000	45
		_write_ds1307  		CODE           	059F	0000	30
		_init_ds1307   		CODE           	0586	0000	25

C:/Users/Shreesh Kulkarni/OneDrive/Desktop/Shreesh/ES Internship/I2C_Sources/DS1307.X/ds1307.c estimated size: 100

C:\Program Files\Microchip\xc8\v2.36\pic\sources\c90\common\__lldiv.c
		___lldiv       		CODE           	0796	0000	102

C:\Program Files\Microchip\xc8\v2.36\pic\sources\c90\common\__lldiv.c estimated size: 102

shared
		__stringtab    		STRING         	0003	0000	16
		__initialization		CODE           	07FC	0000	1

shared estimated size: 17

main.c
		_display_time  		CODE           	0731	0000	101
		_main          		CODE           	0571	0000	21
		_get_time      		CODE           	0600	0000	39
		_init_config   		CODE           	0627	0000	41

main.c estimated size: 202

